<?xml version="1.0"?>
<testsuites>
  <testsuite name="PhantomJS 1.9.8 (Mac OS X)" package="" timestamp="2015-01-15T01:36:08" id="0" hostname="dishnorth-lm" tests="1" errors="0" failures="0" time="0.017">
    <properties>
      <property name="browser.fullName" value="Mozilla/5.0 (Macintosh; Intel Mac OS X) AppleWebKit/534.34 (KHTML, like Gecko) PhantomJS/1.9.8 Safari/534.34"/>
    </properties>
    <testcase name="that true is actually true." time="0.017" classname="PhantomJS 1.9.8 (Mac OS X)."/>
    <system-out><![CDATA[PhantomJS 1.9.8 (Mac OS X) DEBUG: 'DEBUG: -------------------------------'
,PhantomJS 1.9.8 (Mac OS X) DEBUG: 'DEBUG: Ember      : 1.9.1'
,PhantomJS 1.9.8 (Mac OS X) DEBUG: 'DEBUG: Handlebars : 2.0.0'
,PhantomJS 1.9.8 (Mac OS X) DEBUG: 'DEBUG: jQuery     : 2.1.3'
,PhantomJS 1.9.8 (Mac OS X) DEBUG: 'DEBUG: -------------------------------'

]]></system-out>
    <system-err/>
  </testsuite>
</testsuites>
